// Jest Snapshot v1, https://goo.gl/fbAQLP

exports[`list questions should show questions list 1`] = `"<div><h1>All questions with correct answers</h1><div><h1>What is the correct JavaScript syntax to change the content of the HTML element below?</h1><p>document.getElementById(\\"demo\\").innerHTML = \\"Hello World!\\";</p></div><div><h1>What is the correct syntax for referring to an external script called \\"xxx.js\\"?</h1><p>&lt;script src=\\"xxx.js\\"&gt;</p></div><div><h1>Which operator is used to assign a value to a variable?</h1><p>=</p></div><div><h1>How to insert a comment that has more than one line?</h1><p>/*This comment has more than one line*/</p></div><div><h1>How do you round the number 7.25, to the nearest integer?</h1><p>Math.round(7.25)</p></div><div><h1>How do you find the number with the highest value of x and y?</h1><p>Math.max(x, y)</p></div><div><h1>How to write an IF statement in JavaScript?</h1><p>if (i == 5)</p></div><div><h1>How does a FOR loop start?</h1><p>for (i = 0; i &lt;= 5; i++)</p></div><div><h1>How does a WHILE loop start?</h1><p>while (i &lt;= 10)</p></div><div><h1>What is the correct way to write a JavaScript array?</h1><p>var colors = [\\"red\\", \\"green\\", \\"blue\\"]</p></div></div>"`;

exports[`list questions should show questions list 1`] = `"<div><h1>All questions with correct answers</h1><div><h1>What is the correct JavaScript syntax to change the content of the HTML element below?</h1><p>document.getElementById(\\"demo\\").innerHTML = \\"Hello World!\\";</p></div><div><h1>What is the correct syntax for referring to an external script called \\"xxx.js\\"?</h1><p>&lt;script src=\\"xxx.js\\"&gt;</p></div><div><h1>Which operator is used to assign a value to a variable?</h1><p>=</p></div><div><h1>How to insert a comment that has more than one line?</h1><p>/*This comment has more than one line*/</p></div><div><h1>How do you round the number 7.25, to the nearest integer?</h1><p>Math.round(7.25)</p></div><div><h1>How do you find the number with the highest value of x and y?</h1><p>Math.max(x, y)</p></div><div><h1>How to write an IF statement in JavaScript?</h1><p>if (i == 5)</p></div><div><h1>How does a FOR loop start?</h1><p>for (i = 0; i &lt;= 5; i++)</p></div><div><h1>How does a WHILE loop start?</h1><p>while (i &lt;= 10)</p></div><div><h1>What is the correct way to write a JavaScript array?</h1><p>var colors = [\\"red\\", \\"green\\", \\"blue\\"]</p></div></div>"`;
